#
# There is insufficient memory for the Java Runtime Environment to continue.
# Native memory allocation (mmap) failed to map 532676608 bytes for G1 virtual space
# Possible reasons:
#   The system is out of physical RAM or swap space
#   The process is running with CompressedOops enabled, and the Java Heap may be blocking the growth of the native heap
# Possible solutions:
#   Reduce memory load on the system
#   Increase physical memory or swap space
#   Check if swap backing store is full
#   Decrease Java heap size (-Xmx/-Xms)
#   Decrease number of Java threads
#   Decrease Java thread stack sizes (-Xss)
#   Set larger code cache with -XX:ReservedCodeCacheSize=
#   JVM is running with Zero Based Compressed Oops mode in which the Java heap is
#     placed in the first 32GB address space. The Java Heap base address is the
#     maximum limit for the native heap growth. Please use -XX:HeapBaseMinAddress
#     to set the Java Heap base and to place the Java Heap above 32GB virtual address.
# This output file may be truncated or incomplete.
#
#  Out of Memory Error (os_windows.cpp:3613), pid=16196, tid=2812
#
# JRE version:  (17.0.10+7) (build )
# Java VM: OpenJDK 64-Bit Server VM (17.0.10+7-LTS, mixed mode, sharing, tiered, compressed oops, compressed class ptrs, g1 gc, windows-amd64)
# No core dump will be written. Minidumps are not enabled by default on client versions of Windows
#

---------------  S U M M A R Y ------------

Command Line: -Dfile.encoding=utf8 c:\Users\rezau\.vscode\extensions\vscjava.vscode-gradle-3.13.5\lib\gradle-language-server.jar

Host: Intel(R) Core(TM) i5-10600K CPU @ 4.10GHz, 12 cores, 31G,  Windows 11 , 64 bit Build 22621 (10.0.22621.3374)
Time: Wed May 15 01:20:35 2024 Bangladesh Standard Time elapsed time: 0.007873 seconds (0d 0h 0m 0s)

---------------  T H R E A D  ---------------

Current thread (0x000001455f43ab10):  JavaThread "Unknown thread" [_thread_in_vm, id=2812, stack(0x0000003134000000,0x0000003134100000)]

Stack: [0x0000003134000000,0x0000003134100000]
Native frames: (J=compiled Java code, j=interpreted, Vv=VM code, C=native code)
V  [jvm.dll+0x67f829]
V  [jvm.dll+0x83750a]
V  [jvm.dll+0x838fce]
V  [jvm.dll+0x839633]
V  [jvm.dll+0x247cbf]
V  [jvm.dll+0x67c669]
V  [jvm.dll+0x6710da]
V  [jvm.dll+0x309b8b]
V  [jvm.dll+0x311036]
V  [jvm.dll+0x360d5e]
V  [jvm.dll+0x360f8f]
V  [jvm.dll+0x2e0798]
V  [jvm.dll+0x2e1704]
V  [jvm.dll+0x808d91]
V  [jvm.dll+0x36ec11]
V  [jvm.dll+0x7e7826]
V  [jvm.dll+0x3f245f]
V  [jvm.dll+0x3f4091]
C  [jli.dll+0x528f]
C  [ucrtbase.dll+0x29333]
C  [KERNEL32.DLL+0x1257d]
C  [ntdll.dll+0x5aa48]


---------------  P R O C E S S  ---------------

Threads class SMR info:
_java_thread_list=0x00007fff25231ed8, length=0, elements={
}

Java Threads: ( => current thread )

Other Threads:
  0x000001455f4e5600 GCTaskThread "GC Thread#0" [stack: 0x0000003134100000,0x0000003134200000] [id=5716]
  0x000001457b3ebe70 ConcurrentGCThread "G1 Main Marker" [stack: 0x0000003134200000,0x0000003134300000] [id=13596]
  0x000001457b3ec890 ConcurrentGCThread "G1 Conc#0" [stack: 0x0000003134300000,0x0000003134400000] [id=6632]

[error occurred during error reporting (printing all threads), id 0xc0000005, EXCEPTION_ACCESS_VIOLATION (0xc0000005) at pc=0x00007fff249f11d7]

VM state: not at safepoint (not fully initialized)

VM Mutex/Monitor currently owned by a thread:  ([mutex/lock_event])
[0x000001455f436400] Heap_lock - owner thread: 0x000001455f43ab10

Heap address: 0x0000000605c00000, size: 8100 MB, Compressed Oops mode: Zero based, Oop shift amount: 3

CDS archive(s) mapped at: [0x0000000000000000-0x0000000000000000-0x0000000000000000), size 0, SharedBaseAddress: 0x0000000800000000, ArchiveRelocationMode: 1.
Narrow klass base: 0x0000000000000000, Narrow klass shift: 0, Narrow klass range: 0x0

GC Precious Log:
<Empty>

Heap:
 garbage-first heap   total 0K, used 0K [0x0000000605c00000, 0x0000000800000000)
  region size 4096K, 0 young (0K), 0 survivors (0K)

[error occurred during error reporting (printing heap information), id 0xc0000005, EXCEPTION_ACCESS_VIOLATION (0xc0000005) at pc=0x00007fff24dd9869]

GC Heap History (0 events):
No events

Dll operation events (1 events):
Event: 0.005 Loaded shared library C:\Program Files\Microsoft\jdk-17.0.10.7-hotspot\bin\java.dll

Deoptimization events (0 events):
No events

Classes unloaded (0 events):
No events

Classes redefined (0 events):
No events

Internal exceptions (0 events):
No events

VM Operations (0 events):
No events

Events (0 events):
No events


Dynamic libraries:
0x00007ff7646f0000 - 0x00007ff7646fe000 	C:\Program Files\Microsoft\jdk-17.0.10.7-hotspot\bin\java.exe
0x00007fff96750000 - 0x00007fff96966000 	C:\Windows\SYSTEM32\ntdll.dll
0x00007fff95070000 - 0x00007fff95134000 	C:\Windows\System32\KERNEL32.DLL
0x00007fff93bd0000 - 0x00007fff93f77000 	C:\Windows\System32\KERNELBASE.dll
0x00007fff94330000 - 0x00007fff94441000 	C:\Windows\System32\ucrtbase.dll
0x00007fff25730000 - 0x00007fff2574b000 	C:\Program Files\Microsoft\jdk-17.0.10.7-hotspot\bin\VCRUNTIME140.dll
0x00007fff25710000 - 0x00007fff25727000 	C:\Program Files\Microsoft\jdk-17.0.10.7-hotspot\bin\jli.dll
0x00007fff94a40000 - 0x00007fff94bee000 	C:\Windows\System32\USER32.dll
0x00007fff94450000 - 0x00007fff94476000 	C:\Windows\System32\win32u.dll
0x00007fff7c0a0000 - 0x00007fff7c333000 	C:\Windows\WinSxS\amd64_microsoft.windows.common-controls_6595b64144ccf1df_6.0.22621.3235_none_270f74e173860f98\COMCTL32.dll
0x00007fff96490000 - 0x00007fff964b9000 	C:\Windows\System32\GDI32.dll
0x00007fff960c0000 - 0x00007fff96167000 	C:\Windows\System32\msvcrt.dll
0x00007fff94190000 - 0x00007fff942a9000 	C:\Windows\System32\gdi32full.dll
0x00007fff93f80000 - 0x00007fff9401a000 	C:\Windows\System32\msvcp_win.dll
0x00007fff96440000 - 0x00007fff96471000 	C:\Windows\System32\IMM32.DLL
0x00007fff71e50000 - 0x00007fff71e5c000 	C:\Program Files\Microsoft\jdk-17.0.10.7-hotspot\bin\vcruntime140_1.dll
0x00007fff260e0000 - 0x00007fff2616d000 	C:\Program Files\Microsoft\jdk-17.0.10.7-hotspot\bin\msvcp140.dll
0x00007fff24700000 - 0x00007fff25365000 	C:\Program Files\Microsoft\jdk-17.0.10.7-hotspot\bin\server\jvm.dll
0x00007fff96170000 - 0x00007fff96222000 	C:\Windows\System32\ADVAPI32.dll
0x00007fff94480000 - 0x00007fff94528000 	C:\Windows\System32\sechost.dll
0x00007fff93ae0000 - 0x00007fff93b08000 	C:\Windows\System32\bcrypt.dll
0x00007fff96570000 - 0x00007fff96685000 	C:\Windows\System32\RPCRT4.dll
0x00007fff932e0000 - 0x00007fff9332d000 	C:\Windows\SYSTEM32\POWRPROF.dll
0x00007fff260d0000 - 0x00007fff260d9000 	C:\Windows\SYSTEM32\WSOCK32.dll
0x00007fff6d2d0000 - 0x00007fff6d304000 	C:\Windows\SYSTEM32\WINMM.dll
0x00007fff94c00000 - 0x00007fff94c71000 	C:\Windows\System32\WS2_32.dll
0x00007fff8e410000 - 0x00007fff8e41a000 	C:\Windows\SYSTEM32\VERSION.dll
0x00007fff932a0000 - 0x00007fff932b3000 	C:\Windows\SYSTEM32\UMPDC.dll
0x00007fff92a70000 - 0x00007fff92a88000 	C:\Windows\SYSTEM32\kernel.appcore.dll
0x00007fff260c0000 - 0x00007fff260ca000 	C:\Program Files\Microsoft\jdk-17.0.10.7-hotspot\bin\jimage.dll
0x00007fff77d00000 - 0x00007fff77f33000 	C:\Windows\SYSTEM32\DBGHELP.DLL
0x00007fff94630000 - 0x00007fff949b8000 	C:\Windows\System32\combase.dll
0x00007fff95fe0000 - 0x00007fff960b7000 	C:\Windows\System32\OLEAUT32.dll
0x00007fff78590000 - 0x00007fff785c2000 	C:\Windows\SYSTEM32\dbgcore.DLL
0x00007fff942b0000 - 0x00007fff94329000 	C:\Windows\System32\bcryptPrimitives.dll
0x00007fff26090000 - 0x00007fff260b5000 	C:\Program Files\Microsoft\jdk-17.0.10.7-hotspot\bin\java.dll

dbghelp: loaded successfully - version: 4.0.5 - missing functions: none
symbol engine: initialized successfully - sym options: 0x614 - pdb path: .;C:\Program Files\Microsoft\jdk-17.0.10.7-hotspot\bin;C:\Windows\SYSTEM32;C:\Windows\WinSxS\amd64_microsoft.windows.common-controls_6595b64144ccf1df_6.0.22621.3235_none_270f74e173860f98;C:\Program Files\Microsoft\jdk-17.0.10.7-hotspot\bin\server

VM Arguments:
jvm_args: -Dfile.encoding=utf8 
java_command: c:\Users\rezau\.vscode\extensions\vscjava.vscode-gradle-3.13.5\lib\gradle-language-server.jar
java_class_path (initial): c:\Users\rezau\.vscode\extensions\vscjava.vscode-gradle-3.13.5\lib\gradle-language-server.jar
Launcher Type: SUN_STANDARD

[Global flags]
     intx CICompilerCount                          = 4                                         {product} {ergonomic}
     uint ConcGCThreads                            = 3                                         {product} {ergonomic}
     uint G1ConcRefinementThreads                  = 10                                        {product} {ergonomic}
   size_t G1HeapRegionSize                         = 4194304                                   {product} {ergonomic}
    uintx GCDrainStackTargetSize                   = 64                                        {product} {ergonomic}
   size_t InitialHeapSize                          = 532676608                                 {product} {ergonomic}
   size_t MarkStackSize                            = 4194304                                   {product} {ergonomic}
   size_t MaxHeapSize                              = 8493465600                                {product} {ergonomic}
   size_t MinHeapDeltaBytes                        = 4194304                                   {product} {ergonomic}
   size_t MinHeapSize                              = 8388608                                   {product} {ergonomic}
    uintx NonNMethodCodeHeapSize                   = 5839372                                {pd product} {ergonomic}
    uintx NonProfiledCodeHeapSize                  = 122909434                              {pd product} {ergonomic}
    uintx ProfiledCodeHeapSize                     = 122909434                              {pd product} {ergonomic}
    uintx ReservedCodeCacheSize                    = 251658240                              {pd product} {ergonomic}
     bool SegmentedCodeCache                       = true                                      {product} {ergonomic}
   size_t SoftMaxHeapSize                          = 8493465600                             {manageable} {ergonomic}
     bool UseCompressedClassPointers               = true                           {product lp64_product} {ergonomic}
     bool UseCompressedOops                        = true                           {product lp64_product} {ergonomic}
     bool UseG1GC                                  = true                                      {product} {ergonomic}
     bool UseLargePagesIndividualAllocation        = false                                  {pd product} {ergonomic}

Logging:
Log output configuration:
 #0: stdout all=warning uptime,level,tags
 #1: stderr all=off uptime,level,tags

Environment Variables:
JAVA_HOME=C:\Program Files\Microsoft\jdk-17.0.10.7-hotspot\
PATH=C:\Program Files\Microsoft\jdk-17.0.10.7-hotspot\bin;C:\Windows\system32;C:\Windows;C:\Windows\System32\Wbem;C:\Windows\System32\WindowsPowerShell\v1.0\;C:\Windows\System32\OpenSSH\;C:\ProgramData\chocolatey\bin;C:\Program Files\nodejs\;C:\Program Files\Git\cmd;C:\Program Files\Microsoft SQL Server\150\Tools\Binn\;C:\Program Files\Microsoft SQL Server\Client SDK\ODBC\170\Tools\Binn\;C:\Program Files\Docker\Docker\resources\bin;C:\Program Files\Amazon\AWSCLI\bin\;C:\Program Files\dotnet\;C:\Program Files\Kubernetes\Minikube;C:\Program Files\Amazon\AWSCLIV2\;C:\Users\rezau\kubectlbinary;C:\Users\rezau\AppData\Local\Microsoft\WindowsApps;C:\Users\rezau\AppData\Roaming\npm;C:\Users\rezau\AppData\Local\GitHubDesktop\bin;C:\Users\rezau\AppData\Local\Programs\Microsoft VS Code\bin;C:\Program Files\OpenSSL-Win64\bin;C:\Users\rezau\.dotnet\tools
USERNAME=rezau
OS=Windows_NT
PROCESSOR_IDENTIFIER=Intel64 Family 6 Model 165 Stepping 5, GenuineIntel
TMP=C:\Users\rezau\AppData\Local\Temp
TEMP=C:\Users\rezau\AppData\Local\Temp



Periodic native trim disabled


---------------  S Y S T E M  ---------------

OS:
 Windows 11 , 64 bit Build 22621 (10.0.22621.3374)
OS uptime: 0 days 1:50 hours
Hyper-V role detected

CPU: total 12 (initial active 12) (6 cores per cpu, 2 threads per core) family 6 model 165 stepping 5 microcode 0xe0, cx8, cmov, fxsr, ht, mmx, 3dnowpref, sse, sse2, sse3, ssse3, sse4.1, sse4.2, popcnt, lzcnt, tsc, tscinvbit, avx, avx2, aes, erms, clmul, bmi1, bmi2, adx, fma, vzeroupper, clflush, clflushopt, hv
Processor Information for all 12 processors :
  Max Mhz: 3801, Current Mhz: 3801, Mhz Limit: 3801

Memory: 4k page, system-wide physical 32393M (4465M free)
TotalPageFile size 62072M (AvailPageFile size 313M)
current process WorkingSet (physical memory assigned to process): 11M, peak: 11M
current process commit charge ("private bytes"): 64M, peak: 572M

vm_info: OpenJDK 64-Bit Server VM (17.0.10+7-LTS) for windows-amd64 JRE (17.0.10+7-LTS), built on Jan 10 2024 19:47:12 by "MicrosoftCorporation" with MS VC++ 16.10 / 16.11 (VS2019)

END.
